[needs_capture]
  b0(__file_expr_#0) local mutated=false immutable=false needs_capture=false
  b1(__file_expr_#1) local mutated=false immutable=false needs_capture=false
  b2(__file_expr_#2) local mutated=false immutable=false needs_capture=false
  b3(__file_expr_#3) local mutated=false immutable=false needs_capture=false
  b4(__file_expr_#4) local mutated=false immutable=false needs_capture=false
  b5(__file_expr_#5) local mutated=false immutable=false needs_capture=false
  b6(__file_expr_#6) local mutated=false immutable=false needs_capture=false
  b7(__file_expr_#7) local mutated=false immutable=false needs_capture=false
  b8(__file_expr_#8) local mutated=false immutable=false needs_capture=false
  b9(__file_expr_#9) local mutated=false immutable=false needs_capture=false
  b10(box) local mutated=true immutable=false needs_capture=true
  b11(__file_expr_#10) local mutated=false immutable=false needs_capture=false
  b12(holder) local mutated=true immutable=false needs_capture=true
  b13(__file_expr_#11) local mutated=false immutable=false needs_capture=false
  b14(make-string) local mutated=false immutable=true needs_capture=false
  b15(__file_expr_#12) local mutated=false immutable=false needs_capture=false
  b16(__file_expr_#13) local mutated=false immutable=false needs_capture=false
  b17(escaped-value) local mutated=false immutable=true needs_capture=false
  b18(__file_expr_#14) local mutated=false immutable=false needs_capture=false
  b19(escaped-struct) local mutated=false immutable=true needs_capture=false
  b20(__file_expr_#15) local mutated=false immutable=false needs_capture=false
  b21(__file_expr_#16) local mutated=false immutable=false needs_capture=false
  b22(__file_expr_#17) local mutated=false immutable=false needs_capture=false
  b23(f) local mutated=false immutable=true needs_capture=false
  b24(~) local mutated=false immutable=true needs_capture=false
  b25(~) local mutated=false immutable=true needs_capture=false
  b26(G#0) local mutated=false immutable=true needs_capture=false
  b27(G#1) local mutated=false immutable=true needs_capture=false
  b28(~) local mutated=false immutable=true needs_capture=false
  b29(~) local mutated=false immutable=true needs_capture=false
  b30(f) local mutated=false immutable=true needs_capture=false
  b31(~) local mutated=false immutable=true needs_capture=false
  b32(~) local mutated=false immutable=true needs_capture=false
  b33(G#2) local mutated=false immutable=true needs_capture=false
  b34(G#3) local mutated=false immutable=true needs_capture=false
  b35(~) local mutated=false immutable=true needs_capture=false
  b36(~) local mutated=false immutable=true needs_capture=false
  b37(f) local mutated=false immutable=true needs_capture=false
  b38(~) local mutated=false immutable=true needs_capture=false
  b39(~) local mutated=false immutable=true needs_capture=false
  b40(G#4) local mutated=false immutable=true needs_capture=false
  b41(~) local mutated=false immutable=true needs_capture=false
  b42(~) local mutated=false immutable=true needs_capture=false
  b43(f) local mutated=false immutable=true needs_capture=false
  b44(~) local mutated=false immutable=true needs_capture=false
  b45(~) local mutated=false immutable=true needs_capture=false
  b46(G#5) local mutated=false immutable=true needs_capture=false
  b47(G#6) local mutated=false immutable=true needs_capture=false
  b48(~) local mutated=false immutable=true needs_capture=false
  b49(~) local mutated=false immutable=true needs_capture=false
  b50(f) local mutated=false immutable=true needs_capture=false
  b51(~) local mutated=false immutable=true needs_capture=false
  b52(~) local mutated=false immutable=true needs_capture=false
  b53(result) local mutated=false immutable=true needs_capture=false
  b54(G#7) local mutated=false immutable=true needs_capture=false
  b55(G#8) local mutated=false immutable=true needs_capture=false
  b56(~) local mutated=false immutable=true needs_capture=false
  b57(~) local mutated=false immutable=true needs_capture=false
  b58(f) local mutated=false immutable=true needs_capture=false
  b59(~) local mutated=false immutable=true needs_capture=false
  b60(~) local mutated=false immutable=true needs_capture=false
  b61(result) local mutated=false immutable=true needs_capture=false
  b62(G#9) local mutated=false immutable=true needs_capture=false
  b63(G#10) local mutated=false immutable=true needs_capture=false
  b64(~) local mutated=false immutable=true needs_capture=false
  b65(~) local mutated=false immutable=true needs_capture=false
  b66(G#11) local mutated=false immutable=true needs_capture=false
  b67(G#12) local mutated=false immutable=true needs_capture=false
  b68(~) local mutated=false immutable=true needs_capture=false
  b69(~) local mutated=false immutable=true needs_capture=false
  b70(f) local mutated=false immutable=true needs_capture=false
  b71(~) local mutated=false immutable=true needs_capture=false
  b72(~) local mutated=false immutable=true needs_capture=false
  b73(result) local mutated=false immutable=true needs_capture=false
  b74(G#13) local mutated=false immutable=true needs_capture=false
  b75(G#14) local mutated=false immutable=true needs_capture=false
  b76(~) local mutated=false immutable=true needs_capture=false
  b77(~) local mutated=false immutable=true needs_capture=false
  b78(G#15) local mutated=false immutable=true needs_capture=false
  b79(G#16) local mutated=false immutable=true needs_capture=false
  b80(~) local mutated=false immutable=true needs_capture=false
  b81(~) local mutated=false immutable=true needs_capture=false
  b82(f) local mutated=false immutable=true needs_capture=false
  b83(~) local mutated=false immutable=true needs_capture=false
  b84(~) local mutated=false immutable=true needs_capture=false
  b85(result) local mutated=false immutable=true needs_capture=false
  b86(G#17) local mutated=false immutable=true needs_capture=false
  b87(G#18) local mutated=false immutable=true needs_capture=false
  b88(~) local mutated=false immutable=true needs_capture=false
  b89(~) local mutated=false immutable=true needs_capture=false
  b90(f) local mutated=false immutable=true needs_capture=false
  b91(~) local mutated=false immutable=true needs_capture=false
  b92(~) local mutated=false immutable=true needs_capture=false
  b93(y) local mutated=false immutable=true needs_capture=false
  b94(G#19) local mutated=false immutable=true needs_capture=false
  b95(G#20) local mutated=false immutable=true needs_capture=false
  b96(~) local mutated=false immutable=true needs_capture=false
  b97(~) local mutated=false immutable=true needs_capture=false
  b98(G#21) local mutated=false immutable=true needs_capture=false
  b99(G#22) local mutated=false immutable=true needs_capture=false
  b100(~) local mutated=false immutable=true needs_capture=false
  b101(~) local mutated=false immutable=true needs_capture=false
  b102(f) local mutated=false immutable=true needs_capture=false
  b103(~) local mutated=false immutable=true needs_capture=false
  b104(~) local mutated=false immutable=true needs_capture=false
  b105(~) local mutated=false immutable=true needs_capture=false
  b106(y) local mutated=false immutable=true needs_capture=false
  b107(G#23) local mutated=false immutable=true needs_capture=false
  b108(G#24) local mutated=false immutable=true needs_capture=false
  b109(~) local mutated=false immutable=true needs_capture=false
  b110(~) local mutated=false immutable=true needs_capture=false
  b111(G#25) local mutated=false immutable=true needs_capture=false
  b112(G#26) local mutated=false immutable=true needs_capture=false
  b113(~) local mutated=false immutable=true needs_capture=false
  b114(~) local mutated=false immutable=true needs_capture=false
  b115(f) local mutated=false immutable=true needs_capture=false
  b116(~) local mutated=false immutable=true needs_capture=false
  b117(~) local mutated=false immutable=true needs_capture=false
  b118(~) local mutated=false immutable=true needs_capture=false
  b119(G#27) local mutated=false immutable=true needs_capture=false
  b120(G#28) local mutated=false immutable=true needs_capture=false
  b121(~) local mutated=false immutable=true needs_capture=false
  b122(~) local mutated=false immutable=true needs_capture=false
  b123(f) local mutated=false immutable=true needs_capture=false
  b124(~) local mutated=false immutable=true needs_capture=false
  b125(~) local mutated=false immutable=true needs_capture=false
  b126(~) local mutated=false immutable=true needs_capture=false
  b127(~) local mutated=false immutable=true needs_capture=false
  b128(G#29) local mutated=false immutable=true needs_capture=false
  b129(G#30) local mutated=false immutable=true needs_capture=false
  b130(~) local mutated=false immutable=true needs_capture=false
  b131(~) local mutated=false immutable=true needs_capture=false
  b132(G#31) local mutated=false immutable=true needs_capture=false
  b133(G#32) local mutated=false immutable=true needs_capture=false
  b134(~) local mutated=false immutable=true needs_capture=false
  b135(~) local mutated=false immutable=true needs_capture=false
  b136(f) local mutated=false immutable=true needs_capture=false
  b137(~) local mutated=false immutable=true needs_capture=false
  b138(result) local mutated=false immutable=true needs_capture=false
  b139(G#33) local mutated=false immutable=true needs_capture=false
  b140(G#34) local mutated=false immutable=true needs_capture=false
  b141(~) local mutated=false immutable=true needs_capture=false
  b142(~) local mutated=false immutable=true needs_capture=false
  b143(thunk) local mutated=false immutable=true needs_capture=false
  b144(f) local mutated=false immutable=true needs_capture=false
  b145(~) local mutated=false immutable=true needs_capture=false
  b146(result) local mutated=false immutable=true needs_capture=false
  b147(G#35) local mutated=false immutable=true needs_capture=false
  b148(G#36) local mutated=false immutable=true needs_capture=false
  b149(~) local mutated=false immutable=true needs_capture=false
  b150(~) local mutated=false immutable=true needs_capture=false
  b151(f) local mutated=false immutable=true needs_capture=false
  b152(~) local mutated=false immutable=true needs_capture=false
  b153(~) local mutated=false immutable=true needs_capture=false
  b154(G#37) local mutated=false immutable=true needs_capture=false
  b155(G#38) local mutated=false immutable=true needs_capture=false
  b156(~) local mutated=false immutable=true needs_capture=false
  b157(~) local mutated=false immutable=true needs_capture=false
  b158(f) local mutated=false immutable=true needs_capture=false
  b159(~) local mutated=false immutable=true needs_capture=false
  b160(~) local mutated=false immutable=true needs_capture=false
  b161(~) local mutated=false immutable=true needs_capture=false
  b162(G#39) local mutated=false immutable=true needs_capture=false
  b163(G#40) local mutated=false immutable=true needs_capture=false
  b164(~) local mutated=false immutable=true needs_capture=false
  b165(~) local mutated=false immutable=true needs_capture=false
  b166(G#41) local mutated=false immutable=true needs_capture=false
  b167(~) local mutated=false immutable=true needs_capture=false
  b168(G#42) local mutated=false immutable=true needs_capture=false
  b169(~) local mutated=false immutable=true needs_capture=false
  b170(~) local mutated=false immutable=true needs_capture=false
  b171(f) local mutated=false immutable=true needs_capture=false
  b172(~) local mutated=false immutable=true needs_capture=false
  b173(~) local mutated=false immutable=true needs_capture=false
  b174(G#43) local mutated=false immutable=true needs_capture=false
  b175(G#44) local mutated=false immutable=true needs_capture=false
  b176(~) local mutated=false immutable=true needs_capture=false
  b177(~) local mutated=false immutable=true needs_capture=false
  b178(G#45) local mutated=false immutable=true needs_capture=false
  b179(G#46) local mutated=false immutable=true needs_capture=false
  b180(~) local mutated=false immutable=true needs_capture=false
  b181(~) local mutated=false immutable=true needs_capture=false
  b182(G#47) local mutated=false immutable=true needs_capture=false
  b183(G#48) local mutated=false immutable=true needs_capture=false
  b184(~) local mutated=false immutable=true needs_capture=false
  b185(~) local mutated=false immutable=true needs_capture=false
[lambda_captures]
  #4 params=[] captures=[]
  #48 params=[] captures=[]
  #92 params=[] captures=[]
  #129 params=[] captures=[]
  #173 params=[] captures=[]
  #219 params=[] captures=[]
  #299 params=[] captures=[]
  #383 params=[] captures=[]
  #436 params=[] captures=[]
  #517 params=[] captures=[]
  #608 params=[] captures=[b10(box)<Local>]
  #662 params=[] captures=[b12(holder)<Local>]
  #754 params=[] captures=[]
  #800 params=[] captures=[]
  #853 params=[] captures=[]
  #898 params=[] captures=[]
  #992 params=[] captures=[]
[return_frontier]
  [r138, r148, r161, r171, r190, r34, r44, r59, r74]
[suppressed_decref_regions]
  []
[region_instrs]
  ; entry <anon>
    block0: DecrefValueRegion v59
    block0: DecrefRegion s0
    block0: DecrefValueRegion v65
    block1: DecrefValueRegion v76
    block2: DecrefValueRegion v94
    block2: DecrefRegion s1
    block2: DecrefRegion s2
    block4: DecrefValueRegion v98
    block3: DecrefValueRegion v100
    block3: DecrefValueRegion v113
    block3: DecrefRegion s3
    block3: DecrefValueRegion v119
    block5: DecrefValueRegion v130
    block6: DecrefValueRegion v148
    block6: DecrefRegion s4
    block6: DecrefRegion s5
    block8: DecrefValueRegion v152
    block7: DecrefValueRegion v154
    block7: DecrefValueRegion v167
    block7: DecrefRegion s6
    block7: DecrefValueRegion v174
    block7: DecrefValueRegion v179
    block10: DecrefRegion s7
    block10: DecrefRegion s8
    block12: DecrefValueRegion v197
    block11: DecrefValueRegion v210
    block11: DecrefRegion s9
    block11: DecrefValueRegion v216
    block13: DecrefValueRegion v227
    block14: DecrefValueRegion v245
    block14: DecrefRegion s10
    block14: DecrefRegion s11
    block16: DecrefValueRegion v249
    block15: DecrefValueRegion v251
    block15: DecrefValueRegion v264
    block15: DecrefRegion s12
    block15: DecrefValueRegion v270
    block17: DecrefRegion s13
    block18: DecrefRegion s13
    block18: DecrefRegion s14
    block18: DecrefRegion s15
    block20: DecrefValueRegion v301
    block19: DecrefValueRegion v303
    block19: DecrefValueRegion v305
    block19: DecrefValueRegion v318
    block19: DecrefRegion s16
    block19: DecrefValueRegion v324
    block22: DecrefValueRegion v355
    block22: DecrefRegion s17
    block22: DecrefRegion s18
    block24: DecrefValueRegion v359
    block23: DecrefValueRegion v361
    block23: DecrefValueRegion v367
    block25: DecrefValueRegion v378
    block26: DecrefValueRegion v396
    block26: DecrefRegion s19
    block26: DecrefRegion s20
    block28: DecrefValueRegion v400
    block27: DecrefValueRegion v402
    block27: DecrefValueRegion v415
    block27: DecrefRegion s21
    block27: DecrefValueRegion v421
    block30: DecrefValueRegion v452
    block30: DecrefRegion s22
    block30: DecrefRegion s23
    block32: DecrefValueRegion v456
    block31: DecrefValueRegion v458
    block31: DecrefValueRegion v465
    block33: DecrefValueRegion v476
    block34: DecrefValueRegion v494
    block34: DecrefRegion s24
    block34: DecrefRegion s25
    block36: DecrefValueRegion v498
    block35: DecrefValueRegion v500
    block35: DecrefValueRegion v513
    block35: DecrefRegion s26
    block35: DecrefValueRegion v519
    block35: DecrefValueRegion v526
    block37: DecrefValueRegion v537
    block38: DecrefValueRegion v555
    block38: DecrefRegion s27
    block38: DecrefRegion s28
    block40: DecrefValueRegion v559
    block39: DecrefValueRegion v561
    block39: DecrefValueRegion v574
    block39: DecrefRegion s29
    block41: DecrefRegion s30
    block42: DecrefRegion s30
    block42: DecrefRegion s31
    block42: DecrefRegion s32
    block44: DecrefValueRegion v609
    block43: DecrefValueRegion v611
    block43: DecrefValueRegion v613
    block43: DecrefValueRegion v619
    block45: DecrefValueRegion v630
    block46: DecrefValueRegion v648
    block46: DecrefRegion s33
    block46: DecrefRegion s34
    block48: DecrefValueRegion v652
    block47: DecrefValueRegion v654
    block47: DecrefValueRegion v667
    block47: DecrefRegion s35
    block47: DecrefValueRegion v673
    block50: DecrefValueRegion v704
    block50: DecrefRegion s36
    block50: DecrefRegion s37
    block52: DecrefValueRegion v708
    block51: DecrefValueRegion v710
    block51: DecrefValueRegion v717
    block53: DecrefValueRegion v728
    block54: DecrefValueRegion v746
    block54: DecrefRegion s38
    block54: DecrefRegion s39
    block56: DecrefValueRegion v750
    block55: DecrefValueRegion v752
    block55: DecrefValueRegion v754
    block55: IncrefRegion s40
    block55: DecrefValueRegion v768
    block55: DecrefRegion s41
    block55: DecrefValueRegion v774
    block55: DecrefValueRegion v777
    block57: DecrefRegion s42
    block58: DecrefRegion s42
    block58: DecrefRegion s43
    block58: DecrefRegion s44
    block60: DecrefValueRegion v809
    block59: DecrefValueRegion v811
    block59: DecrefValueRegion v813
    block59: IncrefRegion s40
    block59: DecrefValueRegion v827
    block59: DecrefRegion s45
    block59: DecrefValueRegion v833
    block59: DecrefValueRegion v836
    block62: DecrefValueRegion v868
    block62: DecrefRegion s46
    block62: DecrefRegion s47
    block64: DecrefValueRegion v872
    block63: DecrefValueRegion v874
    block65: DecrefValueRegion v891
    block66: DecrefValueRegion v909
    block66: DecrefRegion s48
    block66: DecrefRegion s49
    block68: DecrefValueRegion v913
    block67: DecrefValueRegion v915
    block67: DecrefValueRegion v927
    block67: DecrefRegion s50
    block67: DecrefValueRegion v933
    block69: DecrefRegion s51
    block70: DecrefRegion s51
    block70: DecrefRegion s52
    block70: DecrefRegion s53
    block72: DecrefValueRegion v964
    block71: DecrefValueRegion v966
    block71: DecrefValueRegion v968
    block71: DecrefValueRegion v981
    block71: DecrefRegion s54
    block71: DecrefValueRegion v987
    block71: DecrefValueRegion v994
    block73: DecrefValueRegion v1005
    block73: DecrefRegion s55
    block74: DecrefValueRegion v1023
    block74: DecrefRegion s55
    block74: DecrefRegion s56
    block74: DecrefRegion s57
    block76: DecrefValueRegion v1027
    block75: DecrefValueRegion v1029
    block75: DecrefValueRegion v1042
    block75: DecrefRegion s58
    block75: DecrefValueRegion v1047
    block77: DecrefRegion s59
    block78: DecrefRegion s59
    block78: DecrefRegion s60
    block78: DecrefRegion s61
    block80: DecrefValueRegion v1078
    block79: DecrefValueRegion v1080
    block79: DecrefValueRegion v1093
    block79: DecrefRegion s62
    block79: DecrefValueRegion v1098
    block81: DecrefValueRegion v1114
    block82: DecrefValueRegion v1132
    block82: DecrefRegion s63
    block82: DecrefRegion s64
    block84: DecrefValueRegion v1136
    block83: DecrefValueRegion v1138
    block83: DecrefValueRegion v1150
    block85: DecrefValueRegion v1161
    block86: DecrefValueRegion v1179
    block86: DecrefRegion s65
    block86: DecrefRegion s66
    block88: DecrefValueRegion v1183
    block87: DecrefValueRegion v1185
    block87: DecrefValueRegion v1198
    block87: DecrefRegion s67
    block89: DecrefValueRegion v1213
    block89: DecrefRegion s68
    block90: DecrefValueRegion v1231
    block90: DecrefRegion s68
    block90: DecrefRegion s69
    block90: DecrefRegion s70
    block92: DecrefValueRegion v1235
    block91: DecrefValueRegion v1237
    block93: DecrefValueRegion v1252
    block93: DecrefRegion s71
    block94: DecrefValueRegion v1270
    block94: DecrefRegion s71
    block94: DecrefRegion s72
    block94: DecrefRegion s73
    block96: DecrefValueRegion v1274
    block95: DecrefValueRegion v1276
    block95: DecrefValueRegion v1282
    block97: DecrefValueRegion v1293
    block97: DecrefRegion s74
    block98: DecrefValueRegion v1311
    block98: DecrefRegion s74
    block98: DecrefRegion s75
    block98: DecrefRegion s76
    block100: DecrefValueRegion v1315
    block99: DecrefValueRegion v1317
    block99: IncrefValueRegion v1319
    block99: DecrefValueRegion v1320
    block99: DecrefRegion s77
    block99: DecrefRegion s78
  ; closure[0] <anon>
    block0: IncrefValueRegion v0
  ; closure[1] <anon>
    block0: IncrefValueRegion v0
  ; closure[2] <anon>
    block0: IncrefValueRegion v0
  ; closure[3] <anon>
    block0: IncrefValueRegion v0
  ; closure[4] <anon>
    block0: IncrefRegion s79
    block0: DecrefRegion s79
  ; closure[5] <anon>
    block0: IncrefRegion s80
    block0: DecrefRegion s80
  ; closure[6] <anon>
    block0: TailCall adopt_callee=false
    block0: IncrefValueRegion v4
    block0: DecrefValueRegion v5
  ; closure[7] <anon>
    block0: TailCall adopt_callee=false
    block0: IncrefValueRegion v5
    block0: DecrefValueRegion v6
  ; closure[8] <anon>
    block1: DecrefRegion s81
    block1: IncrefValueRegion v2
  ; closure[9] <anon>
    block1: DecrefValueRegion v8
    block1: IncrefValueRegion v10
  ; closure[10] <anon>
    block0: IncrefRegion s82
    block0: DecrefRegion s82
    block0: IncrefValueRegion v2
  ; closure[11] <anon>
    block0: IncrefRegion s83
    block0: DecrefValueRegion v8
    block0: IncrefValueRegion v10
  ; closure[12] <anon>
    block0: IncrefRegion s84
    block0: DecrefRegion s84
  ; closure[13] <anon>
    block0: TailCall adopt_callee=false
    block0: IncrefValueRegion v3
    block0: DecrefValueRegion v4
    block0: DecrefRegion s85
  ; closure[14] <anon>
    block0: IncrefRegion s86
    block0: DecrefRegion s86
  ; closure[15] <anon>
    block0: TailCall adopt_callee=false
    block0: IncrefValueRegion v10
    block0: DecrefValueRegion v11
    block0: DecrefValueRegion v13
  ; closure[16] <anon>
    block1: DecrefRegion s87
    block2: DecrefRegion s88
    block2: IncrefRegion s89
    block2: DecrefRegion s89
