[needs_capture]
  b0(ctl_map) local mutated=false immutable=true needs_capture=false
  b1(ctl_filter) local mutated=false immutable=true needs_capture=false
  b2(c) local mutated=true immutable=false needs_capture=false
  b3(rc) local mutated=true immutable=false needs_capture=false
  b4(__file_expr_#0) local mutated=false immutable=false needs_capture=false
  b5(__file_expr_#1) local mutated=false immutable=false needs_capture=false
  b6(ret_map) local mutated=false immutable=true needs_capture=false
  b7(ret_filter) local mutated=false immutable=true needs_capture=false
  b8(i) local mutated=true immutable=false needs_capture=false
  b9(m) local mutated=true immutable=false needs_capture=false
  b10(__file_expr_#2) local mutated=false immutable=false needs_capture=false
  b11(__file_expr_#3) local mutated=false immutable=false needs_capture=false
  b12(j) local mutated=true immutable=false needs_capture=false
  b13(fl) local mutated=true immutable=false needs_capture=false
  b14(__file_expr_#4) local mutated=false immutable=false needs_capture=false
  b15(__file_expr_#5) local mutated=false immutable=false needs_capture=false
  b16(__file_expr_#6) local mutated=false immutable=false needs_capture=false
  b17(xs) param mutated=false immutable=true needs_capture=false
  b18(~) local mutated=false immutable=true needs_capture=false
  b19(~) local mutated=false immutable=true needs_capture=false
  b20(a) param mutated=false immutable=true needs_capture=false
  b21(xs) param mutated=false immutable=true needs_capture=false
  b22(~) local mutated=false immutable=true needs_capture=false
  b23(~) local mutated=false immutable=true needs_capture=false
  b24(a) param mutated=false immutable=true needs_capture=false
  b25(~) local mutated=false immutable=true needs_capture=false
  b26(~) local mutated=false immutable=true needs_capture=false
  b27(~) local mutated=false immutable=true needs_capture=false
  b28(concat) local mutated=false immutable=true needs_capture=false
  b29(~) local mutated=false immutable=true needs_capture=false
  b30(~) local mutated=false immutable=true needs_capture=false
  b31(~) local mutated=false immutable=true needs_capture=false
  b32(~) local mutated=false immutable=true needs_capture=false
  b33(~) local mutated=false immutable=true needs_capture=false
  b34(G#0) local mutated=false immutable=true needs_capture=false
  b35(G#1) local mutated=false immutable=true needs_capture=false
  b36(~) local mutated=false immutable=true needs_capture=false
  b37(~) local mutated=false immutable=true needs_capture=false
  b38(xs) param mutated=false immutable=true needs_capture=false
  b39(~) local mutated=false immutable=true needs_capture=false
  b40(a) param mutated=false immutable=true needs_capture=false
  b41(xs) param mutated=false immutable=true needs_capture=false
  b42(~) local mutated=false immutable=true needs_capture=false
  b43(a) param mutated=false immutable=true needs_capture=false
  b44(~) local mutated=false immutable=true needs_capture=false
  b45(~) local mutated=false immutable=true needs_capture=false
  b46(~) local mutated=false immutable=true needs_capture=false
  b47(~) local mutated=false immutable=true needs_capture=false
  b48(G#2) local mutated=false immutable=true needs_capture=false
  b49(G#3) local mutated=false immutable=true needs_capture=false
  b50(~) local mutated=false immutable=true needs_capture=false
  b51(~) local mutated=false immutable=true needs_capture=false
  b52(~) local mutated=false immutable=true needs_capture=false
  b53(~) local mutated=false immutable=true needs_capture=false
  b54(~) local mutated=false immutable=true needs_capture=false
  b55(~) local mutated=false immutable=true needs_capture=false
  b56(G#4) local mutated=false immutable=true needs_capture=false
  b57(G#5) local mutated=false immutable=true needs_capture=false
  b58(~) local mutated=false immutable=true needs_capture=false
  b59(~) local mutated=false immutable=true needs_capture=false
[lambda_captures]
  #1 params=[b17(xs)] captures=[]
  #6 params=[b20(a)] captures=[]
  #14 params=[b21(xs)] captures=[]
  #19 params=[b24(a)] captures=[]
  #121 params=[b38(xs)] captures=[]
  #124 params=[b40(a)] captures=[]
  #130 params=[b41(xs)] captures=[]
  #133 params=[b43(a)] captures=[]
[return_frontier]
  [r1, r29, r32, r5, r60, r62, r63, r64, r65]
[suppressed_decref_regions]
  [r29, r32]
[region_instrs]
  ; entry <anon>
    block4: DecrefRegion s0
    block4: DecrefRegion s1
    block4: DecrefRegion s2
    block4: DecrefRegion s3
    block4: DecrefValueRegion v60
    block4: DecrefValueRegion v62
    block4: DecrefValueRegion v67
    block4: DecrefValueRegion v70
    block4: DecrefValueRegion v72
    block4: DecrefRegion s4
    block4: DecrefRegion s5
    block4: DecrefRegion s6
    block4: DecrefRegion s7
    block4: DecrefValueRegion v90
    block4: DecrefValueRegion v92
    block4: DecrefValueRegion v97
    block4: DecrefValueRegion v100
    block4: DecrefValueRegion v102
    block4: DecrefValueRegion v107
    block3: DecrefRegion s8
    block3: DecrefRegion s9
    block9: DecrefRegion s10
    block9: DecrefRegion s11
    block11: DecrefValueRegion v140
    block10: DecrefValueRegion v142
    block15: DecrefRegion s12
    block15: DecrefRegion s13
    block15: DecrefRegion s14
    block15: DecrefRegion s15
    block15: DecrefValueRegion v170
    block15: DecrefValueRegion v172
    block15: DecrefValueRegion v177
    block15: DecrefValueRegion v180
    block15: DecrefValueRegion v182
    block15: DecrefValueRegion v187
    block14: DecrefRegion s16
    block20: DecrefValueRegion v220
    block20: DecrefRegion s17
    block20: DecrefRegion s18
    block22: DecrefValueRegion v224
    block21: DecrefValueRegion v226
    block26: DecrefRegion s19
    block26: DecrefRegion s20
    block26: DecrefRegion s21
    block26: DecrefRegion s22
    block26: DecrefValueRegion v252
    block26: DecrefValueRegion v254
    block26: DecrefValueRegion v259
    block26: DecrefValueRegion v262
    block26: DecrefValueRegion v264
    block26: DecrefValueRegion v269
    block25: DecrefRegion s23
    block31: DecrefValueRegion v302
    block31: DecrefRegion s24
    block31: DecrefRegion s25
    block33: DecrefValueRegion v306
    block32: DecrefValueRegion v308
    block32: DecrefRegion s26
    block32: IncrefValueRegion v313
    block32: DecrefValueRegion v314
  ; closure[0] <anon>
    block0: DecrefValueRegion v8
    block0: DecrefRegion s27
    block0: TailCall defer_callee_release=false
    block0: IncrefValueRegion v12
    block0: DecrefValueRegion v13
    block0: DecrefValueRegion v15
  ; closure[1] <anon>
    block0: IncrefValueRegion v1
    block0: DecrefValueRegion v2
  ; closure[2] <anon>
    block0: DecrefValueRegion v8
    block0: DecrefRegion s28
    block0: TailCall defer_callee_release=false
    block0: IncrefValueRegion v12
    block0: DecrefValueRegion v13
    block0: DecrefValueRegion v15
  ; closure[3] <anon>
    block0: IncrefValueRegion v1
    block0: DecrefValueRegion v2
  ; closure[4] <anon>
    block0: TailCall defer_callee_release=false
    block0: IncrefValueRegion v6
    block0: DecrefValueRegion v7
    block0: DecrefRegion s29
  ; closure[5] <anon>
    block0: IncrefValueRegion v1
    block0: DecrefValueRegion v2
  ; closure[6] <anon>
    block0: TailCall defer_callee_release=false
    block0: IncrefValueRegion v6
    block0: DecrefValueRegion v7
    block0: DecrefRegion s30
  ; closure[7] <anon>
    block0: IncrefValueRegion v1
    block0: DecrefValueRegion v2
