[needs_capture]
  b0(cfg) local mutated=false immutable=true needs_capture=false
  b1(__file_expr_#0) local mutated=false immutable=false needs_capture=false
  b2(__file_expr_#1) local mutated=false immutable=false needs_capture=false
  b3(m) local mutated=false immutable=true needs_capture=false
  b4(~) local mutated=false immutable=true needs_capture=false
  b5(~) local mutated=false immutable=true needs_capture=false
  b6(~) local mutated=false immutable=true needs_capture=false
  b7(~) local mutated=false immutable=true needs_capture=false
  b8(~) local mutated=false immutable=true needs_capture=false
  b9(~) local mutated=false immutable=true needs_capture=false
  b10(~) local mutated=false immutable=true needs_capture=false
  b11(~) local mutated=false immutable=true needs_capture=false
  b12(~) local mutated=false immutable=true needs_capture=false
  b13(junk) local mutated=false immutable=true needs_capture=false
  b14(seq) local mutated=false immutable=true needs_capture=false
  b15(~) local mutated=false immutable=true needs_capture=false
  b16(~) local mutated=false immutable=true needs_capture=false
  b17(cur) local mutated=true immutable=false needs_capture=false
  b18(~) local mutated=false immutable=true needs_capture=false
  b19(i) local mutated=false immutable=true needs_capture=false
  b20(~) local mutated=false immutable=true needs_capture=false
  b21(~) local mutated=false immutable=true needs_capture=false
  b22(idx) local mutated=true immutable=false needs_capture=false
  b23(len) local mutated=false immutable=false needs_capture=false
  b24(i) local mutated=false immutable=true needs_capture=false
  b25(~) local mutated=false immutable=true needs_capture=false
  b26(items) local mutated=false immutable=true needs_capture=false
  b27(idx) local mutated=true immutable=false needs_capture=false
  b28(len) local mutated=false immutable=false needs_capture=false
  b29(i) local mutated=false immutable=true needs_capture=false
  b30(~) local mutated=false immutable=true needs_capture=false
  b31(pairs) local mutated=false immutable=true needs_capture=false
  b32(idx) local mutated=true immutable=false needs_capture=false
  b33(len) local mutated=false immutable=false needs_capture=false
  b34(i) local mutated=false immutable=true needs_capture=false
  b35(~) local mutated=false immutable=true needs_capture=false
  b36(v) local mutated=true immutable=false needs_capture=false
  b37(i) local mutated=false immutable=true needs_capture=false
  b38(~) local mutated=false immutable=true needs_capture=false
  b39(~) local mutated=false immutable=true needs_capture=false
  b40(~) local mutated=false immutable=true needs_capture=false
  b41(G#0) local mutated=false immutable=true needs_capture=false
  b42(~) local mutated=false immutable=true needs_capture=false
  b43(G#1) local mutated=false immutable=true needs_capture=false
  b44(~) local mutated=false immutable=true needs_capture=false
  b45(~) local mutated=false immutable=true needs_capture=false
  b46(~) local mutated=false immutable=true needs_capture=false
  b47(~) local mutated=false immutable=true needs_capture=false
  b48(~) local mutated=false immutable=true needs_capture=false
[lambda_captures]
[return_frontier]
  [r54]
[suppressed_decref_regions]
  [r36, r40]
[region_instrs]
  ; entry <anon>
    block0: DecrefRegion s0
    block0: DecrefValueRegion v19
    block0: DecrefValueRegion v21
    block0: DecrefValueRegion v32
    block0: DecrefValueRegion v35
    block0: DecrefValueRegion v45
    block0: DecrefValueRegion v48
    block0: DecrefValueRegion v58
    block0: DecrefValueRegion v61
    block0: DecrefValueRegion v71
    block0: DecrefValueRegion v74
    block12: DecrefValueRegion v126
    block12: DecrefValueRegion v131
    block12: DecrefValueRegion v133
    block12: IncrefRegion s1
    block14: DecrefValueRegion v142
    block8: DecrefValueRegion v144
    block22: DecrefValueRegion v178
    block22: DecrefValueRegion v183
    block22: DecrefValueRegion v185
    block22: DecrefValueRegion v189
    block21: DecrefValueRegion v193
    block42: DecrefValueRegion v246
    block42: DecrefValueRegion v251
    block42: DecrefValueRegion v253
    block42: DecrefValueRegion v257
    block41: DecrefValueRegion v261
    block41: DecrefValueRegion v263
    block54: DecrefValueRegion v304
    block54: DecrefValueRegion v309
    block54: DecrefValueRegion v311
    block54: DecrefValueRegion v315
    block53: DecrefValueRegion v319
    block53: DecrefValueRegion v321
    block65: IncrefValueRegion v339
    block65: DecrefValueRegion v350
    block65: DecrefValueRegion v355
    block65: DecrefValueRegion v357
    block65: IncrefValueRegion v362
    block65: DecrefValueRegion v363
    block69: DecrefRegion s2
    block70: IncrefValueRegion v377
    block70: DecrefValueRegion v378
    block70: DecrefValueRegion v380
    block1: DecrefValueRegion v381
    block1: DecrefValueRegion v383
    block1: DecrefValueRegion v393
    block72: DecrefValueRegion v419
    block72: DecrefValueRegion v424
    block72: DecrefRegion s3
    block72: DecrefValueRegion v437
    block72: DecrefRegion s4
    block74: IncrefValueRegion v440
    block74: DecrefValueRegion v441
    block73: DecrefValueRegion v443
    block73: IncrefValueRegion v448
    block73: DecrefValueRegion v449
    block73: DecrefValueRegion v451
    block73: DecrefValueRegion v453
