[needs_capture]
  b0(ra) local mutated=true immutable=false needs_capture=false
  b1(__file_expr_#0) local mutated=false immutable=false needs_capture=false
  b2(__file_expr_#1) local mutated=false immutable=false needs_capture=false
  b3(__file_expr_#2) local mutated=false immutable=false needs_capture=false
  b4(__file_expr_#3) local mutated=false immutable=false needs_capture=false
  b5(__file_expr_#4) local mutated=false immutable=false needs_capture=false
  b6(rb) local mutated=true immutable=false needs_capture=false
  b7(__file_expr_#5) local mutated=false immutable=false needs_capture=false
  b8(__file_expr_#6) local mutated=false immutable=false needs_capture=false
  b9(__file_expr_#7) local mutated=false immutable=false needs_capture=false
  b10(__file_expr_#8) local mutated=false immutable=false needs_capture=false
  b11(__file_expr_#9) local mutated=false immutable=false needs_capture=false
  b12(rc) local mutated=true immutable=false needs_capture=false
  b13(rd) local mutated=true immutable=false needs_capture=false
  b14(__file_expr_#10) local mutated=false immutable=false needs_capture=false
  b15(__file_expr_#11) local mutated=false immutable=false needs_capture=false
  b16(__file_expr_#12) local mutated=false immutable=false needs_capture=false
  b17(__file_expr_#13) local mutated=false immutable=false needs_capture=false
  b18(__file_expr_#14) local mutated=false immutable=false needs_capture=false
  b19(__file_expr_#15) local mutated=false immutable=false needs_capture=false
  b20(re) local mutated=false immutable=false needs_capture=false
  b21(rf) local mutated=true immutable=false needs_capture=false
  b22(__file_expr_#16) local mutated=false immutable=false needs_capture=false
  b23(__file_expr_#17) local mutated=false immutable=false needs_capture=false
  b24(__file_expr_#18) local mutated=false immutable=false needs_capture=false
  b25(__file_expr_#19) local mutated=false immutable=false needs_capture=false
  b26(rg) local mutated=true immutable=false needs_capture=false
  b27(__file_expr_#20) local mutated=false immutable=false needs_capture=false
  b28(keep-g) local mutated=false immutable=true needs_capture=false
  b29(junk-g) local mutated=false immutable=true needs_capture=false
  b30(__file_expr_#21) local mutated=false immutable=false needs_capture=false
  b31(__file_expr_#22) local mutated=false immutable=false needs_capture=false
  b32(rh) local mutated=true immutable=false needs_capture=false
  b33(__file_expr_#23) local mutated=false immutable=false needs_capture=false
  b34(__file_expr_#24) local mutated=false immutable=false needs_capture=false
  b35(__file_expr_#25) local mutated=false immutable=false needs_capture=false
  b36(keep-h) local mutated=false immutable=true needs_capture=false
  b37(junk-h) local mutated=false immutable=true needs_capture=false
  b38(__file_expr_#26) local mutated=false immutable=false needs_capture=false
  b39(__file_expr_#27) local mutated=false immutable=false needs_capture=false
  b40(__file_expr_#28) local mutated=false immutable=false needs_capture=false
  b41(~) local mutated=false immutable=true needs_capture=false
  b42(~) local mutated=false immutable=true needs_capture=false
  b43(~) local mutated=false immutable=true needs_capture=false
  b44(G#0) local mutated=false immutable=true needs_capture=false
  b45(G#1) local mutated=false immutable=true needs_capture=false
  b46(~) local mutated=false immutable=true needs_capture=false
  b47(~) local mutated=false immutable=true needs_capture=false
  b48(~) local mutated=false immutable=true needs_capture=false
  b49(G#2) local mutated=false immutable=true needs_capture=false
  b50(G#3) local mutated=false immutable=true needs_capture=false
  b51(~) local mutated=false immutable=true needs_capture=false
  b52(~) local mutated=false immutable=true needs_capture=false
  b53(~) local mutated=false immutable=true needs_capture=false
  b54(G#4) local mutated=false immutable=true needs_capture=false
  b55(G#5) local mutated=false immutable=true needs_capture=false
  b56(~) local mutated=false immutable=true needs_capture=false
  b57(~) local mutated=false immutable=true needs_capture=false
  b58(~) local mutated=false immutable=true needs_capture=false
  b59(~) local mutated=false immutable=true needs_capture=false
  b60(~) local mutated=false immutable=true needs_capture=false
  b61(G#6) local mutated=false immutable=true needs_capture=false
  b62(G#7) local mutated=false immutable=true needs_capture=false
  b63(~) local mutated=false immutable=true needs_capture=false
  b64(~) local mutated=false immutable=true needs_capture=false
  b65(G#8) local mutated=false immutable=true needs_capture=false
  b66(G#9) local mutated=false immutable=true needs_capture=false
  b67(~) local mutated=false immutable=true needs_capture=false
  b68(~) local mutated=false immutable=true needs_capture=false
  b69(~) local mutated=false immutable=true needs_capture=false
  b70(G#10) local mutated=false immutable=true needs_capture=false
  b71(G#11) local mutated=false immutable=true needs_capture=false
  b72(~) local mutated=false immutable=true needs_capture=false
  b73(~) local mutated=false immutable=true needs_capture=false
  b74(G#12) local mutated=false immutable=true needs_capture=false
  b75(G#13) local mutated=false immutable=true needs_capture=false
  b76(~) local mutated=false immutable=true needs_capture=false
  b77(~) local mutated=false immutable=true needs_capture=false
  b78(~) local mutated=false immutable=true needs_capture=false
  b79(~) local mutated=false immutable=true needs_capture=false
  b80(~) local mutated=false immutable=true needs_capture=false
  b81(~) local mutated=false immutable=true needs_capture=false
  b82(~) local mutated=false immutable=true needs_capture=false
  b83(G#14) local mutated=false immutable=true needs_capture=false
  b84(G#15) local mutated=false immutable=true needs_capture=false
  b85(~) local mutated=false immutable=true needs_capture=false
  b86(~) local mutated=false immutable=true needs_capture=false
  b87(~) local mutated=false immutable=true needs_capture=false
  b88(~) local mutated=false immutable=true needs_capture=false
  b89(~) local mutated=false immutable=true needs_capture=false
  b90(~) local mutated=false immutable=true needs_capture=false
  b91(~) local mutated=false immutable=true needs_capture=false
  b92(~) local mutated=false immutable=true needs_capture=false
  b93(~) local mutated=false immutable=true needs_capture=false
  b94(G#16) local mutated=false immutable=true needs_capture=false
  b95(G#17) local mutated=false immutable=true needs_capture=false
  b96(~) local mutated=false immutable=true needs_capture=false
  b97(~) local mutated=false immutable=true needs_capture=false
[lambda_captures]
[return_frontier]
  [r94]
[suppressed_decref_regions]
  [r44, r45, r59, r74, r75, r78, r79]
[region_instrs]
  ; entry <anon>
    block0: IncrefRegion s0
    block0: IncrefRegion s1
    block0: IncrefRegion s2
    block1: DecrefValueRegion v119
    block2: DecrefValueRegion v137
    block2: DecrefRegion s3
    block2: DecrefRegion s4
    block4: DecrefValueRegion v141
    block3: DecrefValueRegion v143
    block3: DecrefValueRegion v148
    block3: DecrefRegion s5
    block3: IncrefRegion s6
    block5: DecrefValueRegion v173
    block6: DecrefValueRegion v191
    block6: DecrefRegion s7
    block6: DecrefRegion s8
    block8: DecrefValueRegion v195
    block7: DecrefValueRegion v197
    block7: IncrefRegion s9
    block9: DecrefValueRegion v220
    block10: DecrefValueRegion v238
    block10: DecrefRegion s10
    block10: DecrefRegion s11
    block12: DecrefValueRegion v242
    block11: DecrefValueRegion v244
    block11: DecrefValueRegion v249
    block11: DecrefRegion s12
    block11: IncrefRegion s13
    block11: IncrefRegion s14
    block11: IncrefRegion s15
    block13: DecrefValueRegion v290
    block14: DecrefValueRegion v308
    block14: DecrefRegion s16
    block14: DecrefRegion s17
    block16: DecrefValueRegion v312
    block15: DecrefValueRegion v314
    block17: DecrefValueRegion v330
    block18: DecrefValueRegion v348
    block18: DecrefRegion s18
    block18: DecrefRegion s19
    block20: DecrefValueRegion v352
    block19: DecrefValueRegion v354
    block19: DecrefValueRegion v359
    block19: DecrefRegion s20
    block19: DecrefValueRegion v372
    block19: IncrefValueRegion v374
    block19: DecrefValueRegion v375
    block21: DecrefValueRegion v390
    block22: DecrefValueRegion v408
    block22: DecrefRegion s21
    block22: DecrefRegion s22
    block24: DecrefValueRegion v412
    block23: DecrefValueRegion v414
    block25: DecrefValueRegion v432
    block25: DecrefValueRegion v434
    block26: DecrefValueRegion v452
    block26: DecrefValueRegion v454
    block26: DecrefRegion s23
    block26: DecrefRegion s24
    block28: DecrefValueRegion v458
    block27: DecrefValueRegion v460
    block27: DecrefValueRegion v465
    block27: DecrefRegion s25
    block27: IncrefValueRegion v473
    block27: DecrefValueRegion v474
    block27: DecrefValueRegion v507
    block27: DecrefValueRegion v509
    block27: DecrefValueRegion v511
    block27: DecrefValueRegion v513
    block27: DecrefValueRegion v515
    block27: DecrefValueRegion v521
    block29: DecrefValueRegion v535
    block29: DecrefValueRegion v537
    block30: DecrefValueRegion v555
    block30: DecrefValueRegion v557
    block30: DecrefRegion s26
    block30: DecrefRegion s27
    block32: DecrefValueRegion v561
    block31: DecrefValueRegion v563
    block31: DecrefValueRegion v568
    block31: DecrefRegion s28
    block31: DecrefRegion s29
    block31: DecrefRegion s30
    block31: IncrefValueRegion v576
    block31: DecrefValueRegion v577
    block31: IncrefValueRegion v585
    block31: DecrefValueRegion v586
    block31: IncrefValueRegion v593
    block31: DecrefValueRegion v594
    block31: DecrefValueRegion v627
    block31: DecrefValueRegion v629
    block31: DecrefValueRegion v631
    block31: DecrefValueRegion v633
    block31: DecrefValueRegion v635
    block31: DecrefValueRegion v641
    block33: DecrefValueRegion v655
    block33: DecrefValueRegion v657
    block34: DecrefValueRegion v675
    block34: DecrefValueRegion v677
    block34: DecrefRegion s31
    block34: DecrefRegion s32
    block36: DecrefValueRegion v681
    block35: DecrefValueRegion v683
    block35: DecrefValueRegion v688
    block35: DecrefRegion s33
    block35: DecrefRegion s34
    block35: IncrefValueRegion v693
    block35: DecrefValueRegion v694
