[needs_capture]
  b0(ctl_map) local mutated=false immutable=true needs_capture=false
  b1(ctl_filter) local mutated=false immutable=true needs_capture=false
  b2(c) local mutated=true immutable=false needs_capture=false
  b3(rc) local mutated=true immutable=false needs_capture=false
  b4(__file_expr_#0) local mutated=false immutable=false needs_capture=false
  b5(__file_expr_#1) local mutated=false immutable=false needs_capture=false
  b6(ret_map) local mutated=false immutable=true needs_capture=false
  b7(ret_filter) local mutated=false immutable=true needs_capture=false
  b8(i) local mutated=true immutable=false needs_capture=false
  b9(m) local mutated=true immutable=false needs_capture=false
  b10(__file_expr_#2) local mutated=false immutable=false needs_capture=false
  b11(__file_expr_#3) local mutated=false immutable=false needs_capture=false
  b12(j) local mutated=true immutable=false needs_capture=false
  b13(fl) local mutated=true immutable=false needs_capture=false
  b14(__file_expr_#4) local mutated=false immutable=false needs_capture=false
  b15(__file_expr_#5) local mutated=false immutable=false needs_capture=false
  b16(__file_expr_#6) local mutated=false immutable=false needs_capture=false
  b17(xs) param mutated=false immutable=true needs_capture=false
  b18(~) local mutated=false immutable=true needs_capture=false
  b19(~) local mutated=false immutable=true needs_capture=false
  b20(a) param mutated=false immutable=true needs_capture=false
  b21(xs) param mutated=false immutable=true needs_capture=false
  b22(~) local mutated=false immutable=true needs_capture=false
  b23(~) local mutated=false immutable=true needs_capture=false
  b24(a) param mutated=false immutable=true needs_capture=false
  b25(~) local mutated=false immutable=true needs_capture=false
  b26(~) local mutated=false immutable=true needs_capture=false
  b27(~) local mutated=false immutable=true needs_capture=false
  b28(~) local mutated=false immutable=true needs_capture=false
  b29(concat) local mutated=false immutable=true needs_capture=false
  b30(~) local mutated=false immutable=true needs_capture=false
  b31(~) local mutated=false immutable=true needs_capture=false
  b32(~) local mutated=false immutable=true needs_capture=false
  b33(~) local mutated=false immutable=true needs_capture=false
  b34(~) local mutated=false immutable=true needs_capture=false
  b35(~) local mutated=false immutable=true needs_capture=false
  b36(G#0) local mutated=false immutable=true needs_capture=false
  b37(G#1) local mutated=false immutable=true needs_capture=false
  b38(~) local mutated=false immutable=true needs_capture=false
  b39(~) local mutated=false immutable=true needs_capture=false
  b40(xs) param mutated=false immutable=true needs_capture=false
  b41(~) local mutated=false immutable=true needs_capture=false
  b42(a) param mutated=false immutable=true needs_capture=false
  b43(xs) param mutated=false immutable=true needs_capture=false
  b44(~) local mutated=false immutable=true needs_capture=false
  b45(a) param mutated=false immutable=true needs_capture=false
  b46(~) local mutated=false immutable=true needs_capture=false
  b47(~) local mutated=false immutable=true needs_capture=false
  b48(~) local mutated=false immutable=true needs_capture=false
  b49(~) local mutated=false immutable=true needs_capture=false
  b50(~) local mutated=false immutable=true needs_capture=false
  b51(~) local mutated=false immutable=true needs_capture=false
  b52(G#2) local mutated=false immutable=true needs_capture=false
  b53(G#3) local mutated=false immutable=true needs_capture=false
  b54(~) local mutated=false immutable=true needs_capture=false
  b55(~) local mutated=false immutable=true needs_capture=false
  b56(~) local mutated=false immutable=true needs_capture=false
  b57(~) local mutated=false immutable=true needs_capture=false
  b58(~) local mutated=false immutable=true needs_capture=false
  b59(~) local mutated=false immutable=true needs_capture=false
  b60(~) local mutated=false immutable=true needs_capture=false
  b61(~) local mutated=false immutable=true needs_capture=false
  b62(G#4) local mutated=false immutable=true needs_capture=false
  b63(G#5) local mutated=false immutable=true needs_capture=false
  b64(~) local mutated=false immutable=true needs_capture=false
  b65(~) local mutated=false immutable=true needs_capture=false
[lambda_captures]
  #1 params=[b17(xs)] captures=[]
  #6 params=[b20(a)] captures=[]
  #14 params=[b21(xs)] captures=[]
  #19 params=[b24(a)] captures=[]
  #127 params=[b40(xs)] captures=[]
  #130 params=[b42(a)] captures=[]
  #136 params=[b43(xs)] captures=[]
  #139 params=[b45(a)] captures=[]
[return_frontier]
  [r1, r31, r34, r5, r66, r68, r69, r70, r71]
[suppressed_decref_regions]
  [r31, r34]
[region_instrs]
  ; entry <anon>
    block4: DecrefRegion s0
    block4: DecrefRegion s1
    block4: DecrefRegion s2
    block4: DecrefRegion s3
    block4: DecrefValueRegion v63
    block4: DecrefValueRegion v65
    block4: DecrefValueRegion v70
    block4: DecrefValueRegion v73
    block4: DecrefValueRegion v75
    block4: DecrefRegion s4
    block4: DecrefRegion s5
    block4: DecrefRegion s6
    block4: DecrefRegion s7
    block4: DecrefValueRegion v93
    block4: DecrefValueRegion v95
    block4: DecrefValueRegion v100
    block4: DecrefValueRegion v103
    block4: DecrefValueRegion v105
    block4: DecrefValueRegion v113
    block4: DecrefValueRegion v115
    block6: DecrefValueRegion v119
    block3: DecrefRegion s8
    block3: DecrefRegion s9
    block9: DecrefRegion s10
    block9: DecrefRegion s11
    block11: DecrefValueRegion v150
    block10: DecrefValueRegion v152
    block15: DecrefRegion s12
    block15: DecrefRegion s13
    block15: DecrefRegion s14
    block15: DecrefRegion s15
    block15: DecrefValueRegion v183
    block15: DecrefValueRegion v185
    block15: DecrefValueRegion v190
    block15: DecrefValueRegion v193
    block15: IncrefRegion s16
    block15: DecrefValueRegion v195
    block15: DecrefValueRegion v203
    block15: DecrefValueRegion v205
    block17: DecrefValueRegion v209
    block14: DecrefRegion s17
    block20: DecrefValueRegion v240
    block20: DecrefRegion s18
    block20: DecrefRegion s19
    block22: DecrefValueRegion v244
    block21: DecrefValueRegion v246
    block26: DecrefRegion s20
    block26: DecrefRegion s21
    block26: DecrefRegion s22
    block26: DecrefRegion s23
    block26: DecrefValueRegion v275
    block26: DecrefValueRegion v277
    block26: DecrefValueRegion v282
    block26: DecrefValueRegion v285
    block26: IncrefRegion s24
    block26: DecrefValueRegion v287
    block26: DecrefValueRegion v295
    block26: DecrefValueRegion v297
    block28: DecrefValueRegion v301
    block25: DecrefRegion s25
    block31: DecrefValueRegion v332
    block31: DecrefRegion s26
    block31: DecrefRegion s27
    block33: DecrefValueRegion v336
    block32: DecrefValueRegion v338
    block32: DecrefRegion s28
    block32: IncrefValueRegion v343
    block32: DecrefValueRegion v344
  ; closure[0] <anon>
    block0: DecrefValueRegion v8
    block0: DecrefRegion s29
    block0: TailCall adopt_callee=false
    block0: IncrefValueRegion v12
    block0: DecrefValueRegion v13
    block0: DecrefValueRegion v15
  ; closure[1] <anon>
    block0: IncrefValueRegion v1
    block0: DecrefValueRegion v2
  ; closure[2] <anon>
    block0: DecrefValueRegion v8
    block0: DecrefRegion s30
    block0: TailCall adopt_callee=false
    block0: IncrefValueRegion v12
    block0: DecrefValueRegion v13
    block0: DecrefValueRegion v15
  ; closure[3] <anon>
    block0: IncrefValueRegion v1
    block0: DecrefValueRegion v2
  ; closure[4] <anon>
    block0: TailCall adopt_callee=false
    block0: IncrefValueRegion v6
    block0: DecrefValueRegion v7
    block0: DecrefRegion s31
  ; closure[5] <anon>
    block0: IncrefValueRegion v1
    block0: DecrefValueRegion v2
  ; closure[6] <anon>
    block0: TailCall adopt_callee=false
    block0: IncrefValueRegion v6
    block0: DecrefValueRegion v7
    block0: DecrefRegion s32
  ; closure[7] <anon>
    block0: IncrefValueRegion v1
    block0: DecrefValueRegion v2
